[quomodosoft.com/html/glint/index04b9.html]
[backblue.gif]
[fade.gif]
[index.html]
[quomodosoft.com/html/glint/assets/css/plugins/animate.min.css]
[quomodosoft.com/html/glint/assets/css/plugins/bootstrap.min.css]
[quomodosoft.com/html/glint/assets/css/plugins/fontawesome.css]
[quomodosoft.com/html/glint/assets/css/plugins/modal-video.min.css]
[quomodosoft.com/html/glint/assets/css/plugins/stellarnav.css]
[quomodosoft.com/html/glint/assets/css/plugins/owl.carousel.css]
[quomodosoft.com/html/glint/assets/css/typography.css]
[quomodosoft.com/html/glint/assets/css/theme.css]
[quomodosoft.com/html/glint/assets/css/button.css]
[quomodosoft.com/html/glint/assets/css/inner.css]
[quomodosoft.com/html/glint/assets/css/responsive.css]
[quomodosoft.com/html/glint/index.html]
[quomodosoft.com/html/glint/assets/img/logo/logo.png]
[quomodosoft.com/html/glint/index1.html]
[quomodosoft.com/html/glint/about.html]
[quomodosoft.com/html/glint/portfolio.html]
[quomodosoft.com/html/glint/single-portfolio.html]
[quomodosoft.com/html/glint/blog.html]
[quomodosoft.com/html/glint/single-blog.html]
[quomodosoft.com/html/glint/contact.html]
[quomodosoft.com/html/glint/assets/img/icon/hamburger.svg]
[quomodosoft.com/html/glint/assets/img/author/author1.png]
[quomodosoft.com/html/glint/assets/img/author/author2.png]
[quomodosoft.com/html/glint/assets/img/icon/service1.svg]
[quomodosoft.com/html/glint/assets/img/icon/service2.svg]
[quomodosoft.com/html/glint/assets/img/icon/service3.svg]
[quomodosoft.com/html/glint/assets/img/project/project1.png]
[quomodosoft.com/html/glint/assets/img/project/project2.png]
[quomodosoft.com/html/glint/assets/img/project/project3.png]
[quomodosoft.com/html/glint/assets/img/project/project4.png]
[quomodosoft.com/html/glint/assets/img/author/testimonial1.jpg]
[quomodosoft.com/html/glint/assets/img/icon/quote.png]
[quomodosoft.com/html/glint/assets/img/blog/team__1.png]
[quomodosoft.com/html/glint/assets/img/blog/team__2.png]
[quomodosoft.com/html/glint/assets/img/blog/team__3.png]
[quomodosoft.com/html/glint/assets/img/blog/team__4.png]
[quomodosoft.com/html/glint/assets/img/logo/1.svg]
[quomodosoft.com/html/glint/assets/img/logo/01.png]
[quomodosoft.com/html/glint/assets/img/logo/02.png]
[quomodosoft.com/html/glint/assets/img/logo/03.png]
[quomodosoft.com/html/glint/assets/img/logo/04.png]
[quomodosoft.com/html/glint/assets/js/plugins/jQuery.2.1.0.min.js]
[quomodosoft.com/html/glint/assets/js/plugins/bootstrap.min.js]
[quomodosoft.com/html/glint/assets/js/plugins/jquery.nav.js]
[quomodosoft.com/html/glint/assets/js/plugins/jquery.waypoints.min.js]
[quomodosoft.com/html/glint/assets/js/plugins/jquery-modal-video.min.js]
[quomodosoft.com/html/glint/assets/js/plugins/stellarnav.js]
[quomodosoft.com/html/glint/assets/js/plugins/popper.min.js]
[quomodosoft.com/html/glint/assets/js/plugins/owl.carousel.js]
[quomodosoft.com/html/glint/assets/js/plugins/wow.min.js]
[quomodosoft.com/html/glint/assets/js/plugins/easypiechart.min.js]
[quomodosoft.com/html/glint/assets/js/plugins/animatenumber.min.js]
[quomodosoft.com/html/glint/assets/js/plugins/circle-progress.js]
[quomodosoft.com/html/glint/assets/js/plugins/bars.js]
[quomodosoft.com/html/glint/assets/js/plugins/appear.js]
[quomodosoft.com/html/glint/assets/js/plugins/jquery.hoverdir.js]
[quomodosoft.com/html/glint/assets/js/plugins/isotop.v3.0.4.min.js]
[quomodosoft.com/html/glint/index04b9.html]
[quomodosoft.com/html/glint/assets/css/plugins/animate.min.css]
[quomodosoft.com/html/glint/assets/css/plugins/bootstrap.min.css]
[quomodosoft.com/html/glint/assets/js/main.js]
[quomodosoft.com/html/glint/assets/fonts/fa-brands-400.eot]
[quomodosoft.com/html/glint/assets/fonts/fa-brands-400d41d.eot]
[quomodosoft.com/html/glint/assets/fonts/fa-brands-400.woff2]
[quomodosoft.com/html/glint/assets/fonts/fa-brands-400.woff]
[quomodosoft.com/html/glint/assets/fonts/fa-brands-400.ttf]
[quomodosoft.com/html/glint/assets/fonts/fa-brands-400.svg]
[quomodosoft.com/html/glint/assets/fonts/fa-light-300.eot]
[quomodosoft.com/html/glint/assets/fonts/fa-light-300d41d.eot]
[quomodosoft.com/html/glint/assets/fonts/fa-light-300.woff2]
[quomodosoft.com/html/glint/assets/fonts/fa-light-300.woff]
[quomodosoft.com/html/glint/assets/fonts/fa-light-300.ttf]
[quomodosoft.com/html/glint/assets/fonts/fa-light-300.svg]
[quomodosoft.com/html/glint/assets/fonts/fa-regular-400.eot]
[quomodosoft.com/html/glint/assets/fonts/fa-regular-400d41d.eot]
[quomodosoft.com/html/glint/assets/fonts/fa-regular-400.woff2]
[quomodosoft.com/html/glint/assets/fonts/fa-regular-400.woff]
[quomodosoft.com/html/glint/assets/fonts/fa-regular-400.ttf]
[quomodosoft.com/html/glint/assets/fonts/fa-regular-400.svg]
[quomodosoft.com/html/glint/assets/fonts/fa-solid-900.eot]
[quomodosoft.com/html/glint/assets/fonts/fa-solid-900.woff2]
[quomodosoft.com/html/glint/assets/fonts/fa-solid-900d41d.eot]
[quomodosoft.com/html/glint/assets/fonts/fa-solid-900.woff]
[quomodosoft.com/html/glint/assets/fonts/fa-solid-900.ttf]
[quomodosoft.com/html/glint/assets/css/plugins/fontawesome.css]
[quomodosoft.com/html/glint/assets/css/plugins/modal-video.min.css]
[quomodosoft.com/html/glint/assets/css/plugins/stellarnav.css]
[quomodosoft.com/html/glint/assets/fonts/fa-solid-900.svg]
[quomodosoft.com/html/glint/assets/css/plugins/owl.video.play.png]
[quomodosoft.com/html/glint/assets/css/plugins/owl.carousel.css]
[quomodosoft.com/html/glint/assets/css/typography.css]
[quomodosoft.com/html/glint/assets/img/bg/wlc-bg1.jpg]
[quomodosoft.com/html/glint/assets/img/bg/Header.png]
[quomodosoft.com/html/glint/assets/css/assets/img/bg/about-bg.png]
[quomodosoft.com/html/glint/assets/img/about/about1.png]
[quomodosoft.com/html/glint/assets/img/about/about-bg-shape.png]
[quomodosoft.com/html/glint/assets/img/about/about-bg-shape2.png]
[quomodosoft.com/html/glint/assets/img/about/about-shape.svg]
[quomodosoft.com/html/glint/assets/img/about/about-shape2.svg]
[quomodosoft.com/html/glint/assets/img/bg/about-bg.svg]
[quomodosoft.com/html/glint/assets/img/bg/skill-bg1.svg]
[quomodosoft.com/html/glint/assets/img/bg/service-bg.svg]
[quomodosoft.com/html/glint/assets/img/bg/project-bg.jpg]
[quomodosoft.com/html/glint/assets/img/bg/portfolio-bg.svg]
[quomodosoft.com/html/glint/assets/img/bg/about-bg.png]
[quomodosoft.com/html/glint/assets/img/bg/testimonials-bg.png]
[quomodosoft.com/html/glint/assets/img/bg/map.png]
[quomodosoft.com/html/glint/assets/css/theme.css]
[quomodosoft.com/html/glint/assets/img/bg/footer-bg.png]
[quomodosoft.com/html/glint/assets/css/button.css]
[quomodosoft.com/html/glint/assets/img/project/portfolio1.jpg]
[quomodosoft.com/html/glint/assets/img/project/portfolio2.jpg]
[quomodosoft.com/html/glint/assets/img/project/portfolio3.jpg]
[quomodosoft.com/html/glint/assets/img/project/portfolio4.jpg]
[quomodosoft.com/html/glint/assets/img/project/portfolio5.jpg]
[quomodosoft.com/html/glint/assets/img/project/portfolio6.jpg]
[quomodosoft.com/html/glint/assets/img/project/01.jpg]
[quomodosoft.com/html/glint/assets/img/project/02.jpg]
[quomodosoft.com/html/glint/assets/img/project/03.jpg]
[quomodosoft.com/html/glint/assets/css/inner.css]
[quomodosoft.com/html/glint/assets/css/responsive.css]
[quomodosoft.com/html/glint/index.html]
[quomodosoft.com/html/glint/assets/img/logo/logo.svg]
[quomodosoft.com/html/glint/assets/img/author/author3.png]
[quomodosoft.com/html/glint/assets/img/icon/cta1.png]
[quomodosoft.com/html/glint/assets/img/bg/circle_shape.svg]
[quomodosoft.com/html/glint/assets/img/icon/cta2.png]
[quomodosoft.com/html/glint/assets/img/icon/cta3.png]
[quomodosoft.com/html/glint/assets/img/icon/cta6.svg]
[quomodosoft.com/html/glint/assets/img/icon/cta5.png]
[quomodosoft.com/html/glint/assets/img/icon/cta7.svg]
[quomodosoft.com/html/glint/assets/img/bg/world-map.svg]
[quomodosoft.com/html/glint/assets/img/social/social4.png]
[quomodosoft.com/html/glint/assets/img/social/social1.png]
[quomodosoft.com/html/glint/assets/img/social/social2.png]
[quomodosoft.com/html/glint/assets/img/social/social3.png]
[quomodosoft.com/html/glint/assets/img/icon/cta4.png]
[quomodosoft.com/html/glint/index1.html]
[quomodosoft.com/html/glint/assets/img/bg/inner-header-bg.jpg]
[quomodosoft.com/html/glint/about.html]
[quomodosoft.com/html/glint/assets/img/bg/inner-bg1.svg]
[quomodosoft.com/html/glint/portfolio.html]
[quomodosoft.com/html/glint/single-portfolio.html]
[quomodosoft.com/html/glint/assets/js/plugins/mesonry.mon.js]
[quomodosoft.com/html/glint/assets/img/blog/blog1.jpg]
[quomodosoft.com/html/glint/assets/img/author/author4.png]
[quomodosoft.com/html/glint/assets/img/blog/blog2.jpg]
[quomodosoft.com/html/glint/assets/img/icon/quote-primery.svg]
[quomodosoft.com/html/glint/assets/img/author/signature.svg]
[quomodosoft.com/html/glint/assets/img/blog/recent-post1.jpg]
[quomodosoft.com/html/glint/assets/img/blog/recent-post2.jpg]
[quomodosoft.com/html/glint/assets/img/blog/recent-post3.jpg]
[quomodosoft.com/html/glint/assets/img/blog/recent-post4.jpg]
[quomodosoft.com/html/glint/blog.html]
[quomodosoft.com/html/glint/assets/img/blog/Comment_1.jpg]
[quomodosoft.com/html/glint/assets/img/blog/comment_1-2.jpg]
[quomodosoft.com/html/glint/single-blog.html]
[quomodosoft.com/html/glint/assets/img/contact/contact-map.png]
[quomodosoft.com/html/glint/contact.html]
[quomodosoft.com/html/glint/assets/img/icon/hamburger.svg]
[quomodosoft.com/html/glint/assets/img/icon/service1.svg]
[quomodosoft.com/html/glint/assets/img/icon/service2.svg]
[quomodosoft.com/html/glint/assets/img/icon/service3.svg]
[quomodosoft.com/html/glint/assets/img/logo/1.svg]
[quomodosoft.com/html/glint/assets/fonts/fa-brands-400.svg]
[quomodosoft.com/cdn-cgi/scripts/5c5dd728/cloudflare-static/email-decode.min.js]
[quomodosoft.com/html/glint/assets/fonts/fa-light-300.svg]
[quomodosoft.com/html/glint/assets/fonts/fa-regular-400.svg]
[quomodosoft.com/html/glint/assets/fonts/fa-solid-900.svg]
[quomodosoft.com/html/glint/assets/css/plugins/owl.video.play.html]
[quomodosoft.com/html/glint/assets/css/assets/img/bg/about-bg.html]
[quomodosoft.com/html/glint/assets/img/about/about-shape.svg]
[quomodosoft.com/html/glint/assets/img/about/about-shape2.svg]
[quomodosoft.com/html/glint/assets/img/bg/about-bg.svg]
[quomodosoft.com/html/glint/assets/img/bg/skill-bg1.svg]
[quomodosoft.com/html/glint/assets/img/bg/service-bg.svg]
[quomodosoft.com/html/glint/assets/img/bg/portfolio-bg.svg]
[quomodosoft.com/html/glint/assets/img/logo/logo.svg]
[quomodosoft.com/html/glint/assets/img/bg/circle_shape.svg]
[quomodosoft.com/html/glint/assets/img/icon/cta6.svg]
[quomodosoft.com/html/glint/assets/img/icon/cta7.svg]
[quomodosoft.com/html/glint/assets/img/bg/world-map.svg]
[quomodosoft.com/html/glint/assets/img/bg/inner-bg1.svg]
[quomodosoft.com/html/glint/assets/img/icon/quote-primery.svg]
[quomodosoft.com/html/glint/assets/img/author/signature.svg]
[quomodosoft.com/html/glint/assets/img/blog/comment_1.html]
